
> opensoftai@0.1.0 build
> next build

   ▲ Next.js 15.5.4

   Creating an optimized production build ...
Failed to compile.

./app/[slug]/page.jsx
Module not found: Can't resolve '@/Compoents/SmartContract/SmartContractIntro'

https://nextjs.org/docs/messages/module-not-found

./app/[slug]/page.jsx
Module not found: Can't resolve '@/Compoents/SmartContract/Services'

https://nextjs.org/docs/messages/module-not-found

./app/[slug]/page.jsx
Module not found: Can't resolve '@/Compoents/SmartContract/Benefits'

https://nextjs.org/docs/messages/module-not-found

./app/[slug]/page.jsx
Module not found: Can't resolve '@/Compoents/SmartContract/WhyChoose'

https://nextjs.org/docs/messages/module-not-found

./app/[slug]/page.jsx
Module not found: Can't resolve '@/Compoents/SmartContract/Industries'

https://nextjs.org/docs/messages/module-not-found


> Build failed because of webpack errors
